harish_illapu@ARPGL003457 MINGW64 /d/GitHub
$ git config --global user.name "Harish-Illapu"

harish_illapu@ARPGL003457 MINGW64 /d/GitHub
$ git config --global user.email "illapu.hari@gmail.com"

harish_illapu@ARPGL003457 MINGW64 /d/GitHub
$ git config --list
diff.astextplain.textconv=astextplain
filter.lfs.clean=git-lfs clean -- %f
filter.lfs.smudge=git-lfs smudge -- %f
filter.lfs.process=git-lfs filter-process
filter.lfs.required=true
http.sslbackend=openssl
http.sslcainfo=C:/Program Files/Git/mingw64/ssl/certs/ca-bundle.crt
core.autocrlf=true
core.fscache=true
core.symlinks=false
pull.rebase=false
credential.helper=manager-core
credential.https://dev.azure.com.usehttppath=true
init.defaultbranch=master
filter.lfs.clean=git-lfs clean -- %f
filter.lfs.smudge=git-lfs smudge -- %f
filter.lfs.process=git-lfs filter-process
filter.lfs.required=true
user.name=Harish-Illapu
user.email=illapu.hari@gmail.com

harish_illapu@ARPGL003457 MINGW64 /d/GitHub
$ git init
Initialized empty Git repository in D:/GitHub/.git/

harish_illapu@ARPGL003457 MINGW64 /d/GitHub (master)
$ git status
On branch master

No commits yet

Untracked files:
  (use "git add <file>..." to include in what will be committed)
        CLI.py

nothing added to commit but untracked files present (use "git add" to track)

harish_illapu@ARPGL003457 MINGW64 /d/GitHub (master)
$ git add .

harish_illapu@ARPGL003457 MINGW64 /d/GitHub (master)
$ git status
On branch master

No commits yet

Changes to be committed:
  (use "git rm --cached <file>..." to unstage)
        new file:   CLI.py


harish_illapu@ARPGL003457 MINGW64 /d/GitHub (master)
$ git commit -m "initial commit"
[master (root-commit) b8a327d] initial commit
 1 file changed, 1 insertion(+)
 create mode 100644 CLI.py

harish_illapu@ARPGL003457 MINGW64 /d/GitHub (master)
$ git status
On branch master
nothing to commit, working tree clean

harish_illapu@ARPGL003457 MINGW64 /d/GitHub (master)
$ git remote add origin https://github.com/Harish-Illapu/CLI.git

harish_illapu@ARPGL003457 MINGW64 /d/GitHub (master)
$ git push -u origin main
error: src refspec main does not match any
error: failed to push some refs to 'https://github.com/Harish-Illapu/CLI.git'

harish_illapu@ARPGL003457 MINGW64 /d/GitHub (master)
$ git push -u origin master
Enumerating objects: 3, done.
Counting objects: 100% (3/3), done.
Writing objects: 100% (3/3), 238 bytes | 238.00 KiB/s, done.
Total 3 (delta 0), reused 0 (delta 0), pack-reused 0
To https://github.com/Harish-Illapu/CLI.git
 * [new branch]      master -> master
branch 'master' set up to track 'origin/master'.

harish_illapu@ARPGL003457 MINGW64 /d/GitHub (master)
$ history
    1  git config --global user.name "Harish-Illapu"
    2  git config --global user.email "illapu.hari@gmail.com"
    3  git config --list
    4  git init
    5  git status
    6  git add .
    7  git status
    8  git commit -m "initial commit"
    9  git status
   10  git remote add origin https://github.com/Harish-Illapu/CLI.git
   11  git push -u origin main
   12  git push -u origin master
   13  history

harish_illapu@ARPGL003457 MINGW64 /d/GitHub (master)
$ git status
On branch master
Your branch is up to date with 'origin/master'.

Untracked files:
  (use "git add <file>..." to include in what will be committed)
        test2/

nothing added to commit but untracked files present (use "git add" to track)

harish_illapu@ARPGL003457 MINGW64 /d/GitHub (master)
$ git add .

harish_illapu@ARPGL003457 MINGW64 /d/GitHub (master)
$ git status
On branch master
Your branch is up to date with 'origin/master'.

Changes to be committed:
  (use "git restore --staged <file>..." to unstage)
        new file:   test2/cli1.py


harish_illapu@ARPGL003457 MINGW64 /d/GitHub (master)
$ git commit -m "initial commit"
[master c8b5162] initial commit
 1 file changed, 1 insertion(+)
 create mode 100644 test2/cli1.py

harish_illapu@ARPGL003457 MINGW64 /d/GitHub (master)
$ git push -u origin master
Enumerating objects: 5, done.
Counting objects: 100% (5/5), done.
Delta compression using up to 8 threads
Compressing objects: 100% (2/2), done.
Writing objects: 100% (4/4), 334 bytes | 334.00 KiB/s, done.
Total 4 (delta 0), reused 0 (delta 0), pack-reused 0
To https://github.com/Harish-Illapu/CLI.git
   b8a327d..c8b5162  master -> master
branch 'master' set up to track 'origin/master'.

harish_illapu@ARPGL003457 MINGW64 /d/GitHub (master)
$
